2026-01-31 15:23:53,227 - INFO - 🚀 Монитор запущен. Нажмите Ctrl+C для выхода.
2026-01-31 15:23:53,227 - INFO - 🔄 Подключение к почте...
2026-01-31 15:23:54,667 - CRITICAL - Не удалось подключиться к IMAP: b'[AUTHENTICATIONFAILED] NEOBHODIM parol prilozheniya https://help.mail.ru/mail/security/protection/external / Application password is REQUIRED'
2026-01-31 15:24:54,674 - INFO - 🔄 Подключение к почте...
2026-01-31 15:24:56,032 - CRITICAL - Не удалось подключиться к IMAP: b'[AUTHENTICATIONFAILED] NEOBHODIM parol prilozheniya https://help.mail.ru/mail/security/protection/external / Application password is REQUIRED'
2026-01-31 15:25:56,035 - INFO - 🔄 Подключение к почте...
2026-01-31 15:25:57,372 - CRITICAL - Не удалось подключиться к IMAP: b'[AUTHENTICATIONFAILED] NEOBHODIM parol prilozheniya https://help.mail.ru/mail/security/protection/external / Application password is REQUIRED'
2026-01-31 15:26:57,379 - INFO - 🔄 Подключение к почте...
2026-01-31 15:26:58,750 - CRITICAL - Не удалось подключиться к IMAP: b'[AUTHENTICATIONFAILED] NEOBHODIM parol prilozheniya https://help.mail.ru/mail/security/protection/external / Application password is REQUIRED'
2026-01-31 15:27:58,752 - INFO - 🔄 Подключение к почте...
2026-01-31 15:28:00,107 - CRITICAL - Не удалось подключиться к IMAP: b'[AUTHENTICATIONFAILED] NEOBHODIM parol prilozheniya https://help.mail.ru/mail/security/protection/external / Application password is REQUIRED'
2026-01-31 15:29:00,109 - INFO - 🔄 Подключение к почте...
2026-01-31 15:29:01,441 - CRITICAL - Не удалось подключиться к IMAP: b'[AUTHENTICATIONFAILED] NEOBHODIM parol prilozheniya https://help.mail.ru/mail/security/protection/external / Application password is REQUIRED'
2026-01-31 15:29:48,175 - INFO - Остановка пользователем.
2026-01-31 15:29:51,886 - INFO - 🚀 Монитор запущен. Нажмите Ctrl+C для выхода.
2026-01-31 15:29:51,886 - INFO - 🔄 Подключение к почте...
2026-01-31 15:29:52,351 - INFO - 📭 Новых писем нет.
2026-01-31 15:30:52,396 - INFO - 🔄 Подключение к почте...
2026-01-31 15:30:52,838 - INFO - 📭 Новых писем нет.
2026-01-31 15:31:52,882 - INFO - 🔄 Подключение к почте...
2026-01-31 15:31:53,278 - INFO - 📭 Новых писем нет.
2026-01-31 15:32:53,320 - INFO - 🔄 Подключение к почте...
2026-01-31 15:32:53,822 - INFO - 📭 Новых писем нет.
2026-01-31 15:33:53,867 - INFO - 🔄 Подключение к почте...
2026-01-31 15:33:54,287 - INFO - 📭 Новых писем нет.
2026-01-31 15:34:54,321 - INFO - 🔄 Подключение к почте...
2026-01-31 15:34:54,795 - INFO - 📭 Новых писем нет.
2026-01-31 15:35:54,834 - INFO - 🔄 Подключение к почте...
2026-01-31 15:35:55,307 - INFO - 📭 Новых писем нет.
2026-01-31 15:36:55,369 - INFO - 🔄 Подключение к почте...
2026-01-31 15:36:55,800 - INFO - 📭 Новых писем нет.
2026-01-31 15:37:55,840 - INFO - 🔄 Подключение к почте...
2026-01-31 15:37:56,337 - INFO - 📭 Новых писем нет.
2026-01-31 15:38:56,377 - INFO - 🔄 Подключение к почте...
2026-01-31 15:38:56,813 - INFO - 📭 Новых писем нет.
2026-01-31 15:39:56,862 - INFO - 🔄 Подключение к почте...
2026-01-31 15:39:58,205 - INFO - 📭 Новых писем нет.
2026-01-31 15:40:58,253 - INFO - 🔄 Подключение к почте...
2026-01-31 15:40:58,737 - INFO - 📭 Новых писем нет.
2026-01-31 15:41:58,810 - INFO - 🔄 Подключение к почте...
2026-01-31 15:41:59,239 - INFO - 📭 Новых писем нет.
2026-01-31 15:42:59,280 - INFO - 🔄 Подключение к почте...
2026-01-31 15:42:59,736 - INFO - 📭 Новых писем нет.
2026-01-31 15:43:59,776 - INFO - 🔄 Подключение к почте...
2026-01-31 15:44:00,250 - INFO - 📬 Найдено писем: 1
2026-01-31 15:44:00,401 - INFO - 📨 Обработка: security@id.mail.ru | Тема: Добавлен номер телефона +7 (999) 759-**-** в аккаунте
2026-01-31 15:44:00,406 - ERROR - Ошибка при обработке письма id b'1': 1054 (42S22): Unknown column 'District' in 'field list'
Traceback (most recent call last):
  File "E:\mirsud_help_bot\.venv\Lib\site-packages\mysql\connector\connection_cext.py", line 772, in cmd_query
    self._cmysql.query(
_mysql_connector.MySQLInterfaceError: Unknown column 'District' in 'field list'

The above exception was the direct cause of the following exception:

Traceback (most recent call last):
  File "e:\mirsud_help_bot\email_monitor.py", line 135, in process_emails
    cursor.execute("SELECT Section_ID, District, Address FROM Court_Section WHERE Email = %s", (sender_email,))
  File "E:\mirsud_help_bot\.venv\Lib\site-packages\mysql\connector\cursor_cext.py", line 353, in execute
    self._connection.cmd_query(
  File "E:\mirsud_help_bot\.venv\Lib\site-packages\mysql\connector\opentelemetry\context_propagation.py", line 97, in wrapper
    return method(cnx, *args, **kwargs)
           ^^^^^^^^^^^^^^^^^^^^^^^^^^^^
  File "E:\mirsud_help_bot\.venv\Lib\site-packages\mysql\connector\connection_cext.py", line 781, in cmd_query
    raise get_mysql_exception(
mysql.connector.errors.ProgrammingError: 1054 (42S22): Unknown column 'District' in 'field list'
2026-01-31 15:45:00,480 - INFO - 🔄 Подключение к почте...
2026-01-31 15:45:00,902 - INFO - 📭 Новых писем нет.
2026-01-31 15:46:00,936 - INFO - 🔄 Подключение к почте...
2026-01-31 15:46:01,497 - INFO - 📭 Новых писем нет.
2026-01-31 15:47:01,535 - INFO - 🔄 Подключение к почте...
2026-01-31 15:47:02,055 - INFO - 📭 Новых писем нет.
2026-01-31 15:48:02,092 - INFO - 🔄 Подключение к почте...
2026-01-31 15:48:02,690 - INFO - 📭 Новых писем нет.
2026-01-31 15:49:02,733 - INFO - 🔄 Подключение к почте...
2026-01-31 15:49:03,196 - INFO - 📭 Новых писем нет.
2026-01-31 15:50:03,233 - INFO - 🔄 Подключение к почте...
2026-01-31 15:50:03,879 - INFO - 📭 Новых писем нет.
2026-01-31 15:51:03,939 - INFO - 🔄 Подключение к почте...
2026-01-31 15:51:04,427 - INFO - 📭 Новых писем нет.
2026-01-31 15:52:04,459 - INFO - 🔄 Подключение к почте...
2026-01-31 15:52:05,133 - INFO - 📬 Найдено писем: 1
2026-01-31 15:52:05,284 - INFO - 📨 Обработка: lufi.g@yandex.ru | Тема: Re: test
2026-01-31 15:52:05,286 - ERROR - Ошибка при обработке письма id b'2': 1054 (42S22): Unknown column 'District' in 'field list'
Traceback (most recent call last):
  File "E:\mirsud_help_bot\.venv\Lib\site-packages\mysql\connector\connection_cext.py", line 772, in cmd_query
    self._cmysql.query(
_mysql_connector.MySQLInterfaceError: Unknown column 'District' in 'field list'

The above exception was the direct cause of the following exception:

Traceback (most recent call last):
  File "e:\mirsud_help_bot\email_monitor.py", line 135, in process_emails
    cursor.execute("SELECT Section_ID, District, Address FROM Court_Section WHERE Email = %s", (sender_email,))
  File "E:\mirsud_help_bot\.venv\Lib\site-packages\mysql\connector\cursor_cext.py", line 353, in execute
    self._connection.cmd_query(
  File "E:\mirsud_help_bot\.venv\Lib\site-packages\mysql\connector\opentelemetry\context_propagation.py", line 97, in wrapper
    return method(cnx, *args, **kwargs)
           ^^^^^^^^^^^^^^^^^^^^^^^^^^^^
  File "E:\mirsud_help_bot\.venv\Lib\site-packages\mysql\connector\connection_cext.py", line 781, in cmd_query
    raise get_mysql_exception(
mysql.connector.errors.ProgrammingError: 1054 (42S22): Unknown column 'District' in 'field list'
2026-01-31 15:53:05,340 - INFO - 🔄 Подключение к почте...
2026-01-31 15:53:05,837 - INFO - 📭 Новых писем нет.
2026-01-31 15:54:05,872 - INFO - 🔄 Подключение к почте...
2026-01-31 15:54:06,521 - INFO - 📭 Новых писем нет.
2026-01-31 15:55:06,565 - INFO - 🔄 Подключение к почте...
2026-01-31 15:55:07,060 - INFO - 📭 Новых писем нет.
2026-01-31 15:56:07,095 - INFO - 🔄 Подключение к почте...
2026-01-31 15:56:07,590 - INFO - 📭 Новых писем нет.
2026-01-31 15:56:42,593 - INFO - Остановка пользователем.
2026-01-31 15:57:10,621 - INFO - 🚀 Монитор запущен. Нажмите Ctrl+C для выхода.
2026-01-31 15:57:10,621 - INFO - 🔄 Подключение к почте...
2026-01-31 15:57:11,137 - INFO - 📭 Новых писем нет.
2026-01-31 15:58:11,185 - INFO - 🔄 Подключение к почте...
2026-01-31 15:58:11,696 - INFO - 📬 Найдено писем: 2
2026-01-31 15:58:11,857 - INFO - 📨 Обработка: lufi.g@yandex.ru | Тема: Тестт
2026-01-31 15:58:11,857 - ERROR - Ошибка при обработке письма id b'3': 1054 (42S22): Unknown column 'district' in 'field list'
Traceback (most recent call last):
  File "E:\mirsud_help_bot\.venv\Lib\site-packages\mysql\connector\connection_cext.py", line 772, in cmd_query
    self._cmysql.query(
_mysql_connector.MySQLInterfaceError: Unknown column 'district' in 'field list'

The above exception was the direct cause of the following exception:

Traceback (most recent call last):
  File "e:\mirsud_help_bot\email_monitor.py", line 135, in process_emails
    cursor.execute("SELECT Section_ID, district, Address FROM court_section WHERE Email = %s", (sender_email,))
  File "E:\mirsud_help_bot\.venv\Lib\site-packages\mysql\connector\cursor_cext.py", line 353, in execute
    self._connection.cmd_query(
  File "E:\mirsud_help_bot\.venv\Lib\site-packages\mysql\connector\opentelemetry\context_propagation.py", line 97, in wrapper
    return method(cnx, *args, **kwargs)
           ^^^^^^^^^^^^^^^^^^^^^^^^^^^^
  File "E:\mirsud_help_bot\.venv\Lib\site-packages\mysql\connector\connection_cext.py", line 781, in cmd_query
    raise get_mysql_exception(
mysql.connector.errors.ProgrammingError: 1054 (42S22): Unknown column 'district' in 'field list'
2026-01-31 15:58:12,004 - INFO - 📨 Обработка: lufi.g@yandex.ru | Тема: Заявка
2026-01-31 15:58:12,004 - ERROR - Ошибка при обработке письма id b'4': 1054 (42S22): Unknown column 'district' in 'field list'
Traceback (most recent call last):
  File "E:\mirsud_help_bot\.venv\Lib\site-packages\mysql\connector\connection_cext.py", line 772, in cmd_query
    self._cmysql.query(
_mysql_connector.MySQLInterfaceError: Unknown column 'district' in 'field list'

The above exception was the direct cause of the following exception:

Traceback (most recent call last):
  File "e:\mirsud_help_bot\email_monitor.py", line 135, in process_emails
    cursor.execute("SELECT Section_ID, district, Address FROM court_section WHERE Email = %s", (sender_email,))
  File "E:\mirsud_help_bot\.venv\Lib\site-packages\mysql\connector\cursor_cext.py", line 353, in execute
    self._connection.cmd_query(
  File "E:\mirsud_help_bot\.venv\Lib\site-packages\mysql\connector\opentelemetry\context_propagation.py", line 97, in wrapper
    return method(cnx, *args, **kwargs)
           ^^^^^^^^^^^^^^^^^^^^^^^^^^^^
  File "E:\mirsud_help_bot\.venv\Lib\site-packages\mysql\connector\connection_cext.py", line 781, in cmd_query
    raise get_mysql_exception(
mysql.connector.errors.ProgrammingError: 1054 (42S22): Unknown column 'district' in 'field list'
2026-01-31 15:59:12,063 - INFO - 🔄 Подключение к почте...
2026-01-31 15:59:12,463 - INFO - 📭 Новых писем нет.
2026-01-31 16:00:12,495 - INFO - 🔄 Подключение к почте...
2026-01-31 16:00:12,982 - INFO - 📭 Новых писем нет.
2026-01-31 16:01:13,025 - INFO - 🔄 Подключение к почте...
2026-01-31 16:01:13,528 - INFO - 📭 Новых писем нет.
2026-01-31 16:01:20,736 - INFO - Остановка пользователем.
2026-01-31 16:02:02,792 - INFO - 🚀 Монитор запущен. Нажмите Ctrl+C для выхода.
2026-01-31 16:02:02,792 - INFO - 🔄 Подключение к почте...
2026-01-31 16:02:03,305 - INFO - 📬 Найдено писем: 1
2026-01-31 16:02:03,480 - INFO - 📨 Обработка: lufi.g@yandex.ru | Тема: msbkcmd
2026-01-31 16:02:03,485 - ERROR - Ошибка при обработке письма id b'5': 1054 (42S22): Unknown column 'District_Name' in 'field list'
Traceback (most recent call last):
  File "E:\mirsud_help_bot\.venv\Lib\site-packages\mysql\connector\connection_cext.py", line 772, in cmd_query
    self._cmysql.query(
_mysql_connector.MySQLInterfaceError: Unknown column 'District_Name' in 'field list'

The above exception was the direct cause of the following exception:

Traceback (most recent call last):
  File "e:\mirsud_help_bot\email_monitor.py", line 135, in process_emails
    cursor.execute("SELECT Section_ID, District_Name, Address FROM court_section WHERE Email = %s", (sender_email,))
  File "E:\mirsud_help_bot\.venv\Lib\site-packages\mysql\connector\cursor_cext.py", line 353, in execute
    self._connection.cmd_query(
  File "E:\mirsud_help_bot\.venv\Lib\site-packages\mysql\connector\opentelemetry\context_propagation.py", line 97, in wrapper
    return method(cnx, *args, **kwargs)
           ^^^^^^^^^^^^^^^^^^^^^^^^^^^^
  File "E:\mirsud_help_bot\.venv\Lib\site-packages\mysql\connector\connection_cext.py", line 781, in cmd_query
    raise get_mysql_exception(
mysql.connector.errors.ProgrammingError: 1054 (42S22): Unknown column 'District_Name' in 'field list'
2026-01-31 16:02:24,303 - INFO - Остановка пользователем.
2026-01-31 16:04:10,735 - INFO - 🚀 Монитор запущен. Нажмите Ctrl+C для выхода.
2026-01-31 16:04:10,736 - INFO - 🔄 Подключение к почте...
2026-01-31 16:04:11,375 - INFO - 📬 Найдено писем: 2
2026-01-31 16:04:11,505 - INFO - 📨 Обработка: lufi.g@yandex.ru | Тема: Re: TEst
2026-01-31 16:04:11,509 - ERROR - Ошибка при обработке письма id b'6': 1054 (42S22): Unknown column 'Address' in 'field list'
Traceback (most recent call last):
  File "E:\mirsud_help_bot\.venv\Lib\site-packages\mysql\connector\connection_cext.py", line 772, in cmd_query
    self._cmysql.query(
_mysql_connector.MySQLInterfaceError: Unknown column 'Address' in 'field list'

The above exception was the direct cause of the following exception:

Traceback (most recent call last):
  File "e:\mirsud_help_bot\email_monitor.py", line 135, in process_emails
    cursor.execute("SELECT Section_ID, District_ID, Address FROM court_section WHERE Email = %s", (sender_email,))
  File "E:\mirsud_help_bot\.venv\Lib\site-packages\mysql\connector\cursor_cext.py", line 353, in execute
    self._connection.cmd_query(
  File "E:\mirsud_help_bot\.venv\Lib\site-packages\mysql\connector\opentelemetry\context_propagation.py", line 97, in wrapper
    return method(cnx, *args, **kwargs)
           ^^^^^^^^^^^^^^^^^^^^^^^^^^^^
  File "E:\mirsud_help_bot\.venv\Lib\site-packages\mysql\connector\connection_cext.py", line 781, in cmd_query
    raise get_mysql_exception(
mysql.connector.errors.ProgrammingError: 1054 (42S22): Unknown column 'Address' in 'field list'
2026-01-31 16:04:11,606 - INFO - 📨 Обработка: lufi.g@yandex.ru | Тема: xnzkdm me
2026-01-31 16:04:11,606 - ERROR - Ошибка при обработке письма id b'7': 1054 (42S22): Unknown column 'Address' in 'field list'
Traceback (most recent call last):
  File "E:\mirsud_help_bot\.venv\Lib\site-packages\mysql\connector\connection_cext.py", line 772, in cmd_query
    self._cmysql.query(
_mysql_connector.MySQLInterfaceError: Unknown column 'Address' in 'field list'

The above exception was the direct cause of the following exception:

Traceback (most recent call last):
  File "e:\mirsud_help_bot\email_monitor.py", line 135, in process_emails
    cursor.execute("SELECT Section_ID, District_ID, Address FROM court_section WHERE Email = %s", (sender_email,))
  File "E:\mirsud_help_bot\.venv\Lib\site-packages\mysql\connector\cursor_cext.py", line 353, in execute
    self._connection.cmd_query(
  File "E:\mirsud_help_bot\.venv\Lib\site-packages\mysql\connector\opentelemetry\context_propagation.py", line 97, in wrapper
    return method(cnx, *args, **kwargs)
           ^^^^^^^^^^^^^^^^^^^^^^^^^^^^
  File "E:\mirsud_help_bot\.venv\Lib\site-packages\mysql\connector\connection_cext.py", line 781, in cmd_query
    raise get_mysql_exception(
mysql.connector.errors.ProgrammingError: 1054 (42S22): Unknown column 'Address' in 'field list'
2026-01-31 16:05:11,657 - INFO - 🔄 Подключение к почте...
2026-01-31 16:05:12,090 - INFO - 📭 Новых писем нет.
2026-01-31 16:06:12,129 - INFO - 🔄 Подключение к почте...
2026-01-31 16:06:12,606 - INFO - 📭 Новых писем нет.
2026-01-31 16:07:12,650 - INFO - 🔄 Подключение к почте...
2026-01-31 16:07:13,178 - INFO - 📭 Новых писем нет.
2026-01-31 16:08:01,989 - INFO - Остановка пользователем.
2026-01-31 16:08:25,503 - INFO - 🚀 Монитор почты запущен (Ctrl+C для выхода)
2026-01-31 16:08:25,504 - INFO - 🔄 Проверяю почту...
2026-01-31 16:08:26,074 - INFO - 📬 Найдено новых писем: 1
2026-01-31 16:08:26,245 - INFO - 📨 Письмо от: lufi.g@yandex.ru | Тема: mxbzkxnx
2026-01-31 16:08:26,245 - INFO -    -> 🆕 Создание новой заявки...
2026-01-31 16:08:26,270 - INFO -    -> ✅ Заявка №6 создана успешно.
2026-01-31 16:08:27,713 - INFO - ⏳ Ожидание 60 секунд...
2026-01-31 16:09:21,295 - ERROR - Ошибка отправки письма на lufi.g@yandex.ru: (535, b'5.7.0 NEOBHODIM parol prilozheniya https://help.mail.ru/mail/security/protection/external / Application password is REQUIRED')
2026-01-31 16:09:27,726 - INFO - 🔄 Проверяю почту...
2026-01-31 16:09:28,158 - INFO - 📭 Новых писем нет.
2026-01-31 16:09:28,195 - INFO - ⏳ Ожидание 60 секунд...
2026-01-31 16:10:28,196 - INFO - 🔄 Проверяю почту...
2026-01-31 16:10:28,672 - INFO - 📭 Новых писем нет.
2026-01-31 16:10:28,707 - INFO - ⏳ Ожидание 60 секунд...
2026-01-31 16:11:11,710 - ERROR - Ошибка отправки письма на lufi.g@yandex.ru: (535, b'5.7.0 NEOBHODIM parol prilozheniya https://help.mail.ru/mail/security/protection/external / Application password is REQUIRED')
2026-01-31 16:11:28,717 - INFO - 🔄 Проверяю почту...
2026-01-31 16:11:29,188 - INFO - 📭 Новых писем нет.
2026-01-31 16:11:29,236 - INFO - ⏳ Ожидание 60 секунд...
2026-01-31 16:12:29,238 - INFO - 🔄 Проверяю почту...
2026-01-31 16:12:29,662 - INFO - 📭 Новых писем нет.
2026-01-31 16:12:29,698 - INFO - ⏳ Ожидание 60 секунд...
2026-01-31 16:13:29,699 - INFO - 🔄 Проверяю почту...
2026-01-31 16:13:30,192 - INFO - 📭 Новых писем нет.
2026-01-31 16:13:30,227 - INFO - ⏳ Ожидание 60 секунд...
2026-01-31 16:14:30,228 - INFO - 🔄 Проверяю почту...
2026-01-31 16:14:30,675 - INFO - 📭 Новых писем нет.
2026-01-31 16:14:30,714 - INFO - ⏳ Ожидание 60 секунд...
2026-01-31 16:15:30,717 - INFO - 🔄 Проверяю почту...
2026-01-31 16:15:31,220 - INFO - 📭 Новых писем нет.
2026-01-31 16:15:31,265 - INFO - ⏳ Ожидание 60 секунд...
2026-01-31 16:16:31,267 - INFO - 🔄 Проверяю почту...
2026-01-31 16:16:31,727 - INFO - 📭 Новых писем нет.
2026-01-31 16:16:31,778 - INFO - ⏳ Ожидание 60 секунд...
2026-01-31 16:17:31,780 - INFO - 🔄 Проверяю почту...
2026-01-31 16:17:32,304 - INFO - 📬 Найдено новых писем: 1
2026-01-31 16:17:32,399 - INFO - 📨 Письмо от: lufi.g@yandex.ru | Тема: Новая заявка
2026-01-31 16:17:32,402 - INFO -    -> 🆕 Создание новой заявки...
2026-01-31 16:17:32,403 - INFO -    -> ✅ Заявка №7 создана успешно.
2026-01-31 16:17:33,726 - INFO - ⏳ Ожидание 60 секунд...
2026-01-31 16:18:33,728 - INFO - 🔄 Проверяю почту...
2026-01-31 16:18:34,172 - INFO - 📬 Найдено новых писем: 1
2026-01-31 16:18:34,263 - INFO - 📨 Письмо от: lufi.g@yandex.ru | Тема: Re: Заявка №7 принята
2026-01-31 16:18:34,264 - INFO -    -> 🔍 Ответ на заявку №7
2026-01-31 16:18:34,272 - INFO -    -> ✅ Чат заявки №7 обновлен.
2026-01-31 16:18:34,307 - INFO - ⏳ Ожидание 60 секунд...
2026-01-31 16:19:34,308 - INFO - 🔄 Проверяю почту...
2026-01-31 16:19:34,714 - INFO - 📭 Новых писем нет.
2026-01-31 16:19:34,748 - INFO - ⏳ Ожидание 60 секунд...
2026-01-31 16:20:34,749 - INFO - 🔄 Проверяю почту...
2026-01-31 16:20:35,297 - INFO - 📬 Найдено новых писем: 1
2026-01-31 16:20:35,426 - INFO - 📨 Письмо от: lufi.g@yandex.ru | Тема: test
2026-01-31 16:20:35,427 - INFO -    -> 🆕 Создание новой заявки...
2026-01-31 16:20:35,433 - INFO -    -> ✅ Заявка №8 создана успешно.
2026-01-31 16:20:36,753 - INFO - ⏳ Ожидание 60 секунд...
2026-01-31 16:21:36,754 - INFO - 🔄 Проверяю почту...
2026-01-31 16:21:37,186 - INFO - 📬 Найдено новых писем: 1
2026-01-31 16:21:37,277 - INFO - 📨 Письмо от: lufi.g@yandex.ru | Тема: Re: Service Desk: Ответ по заявке №7
2026-01-31 16:21:37,279 - INFO -    -> 🆕 Создание новой заявки...
2026-01-31 16:21:37,286 - INFO -    -> ✅ Заявка №9 создана успешно.
2026-01-31 16:21:38,543 - INFO - ⏳ Ожидание 60 секунд...
2026-01-31 16:22:38,544 - INFO - 🔄 Проверяю почту...
2026-01-31 16:22:39,038 - INFO - 📭 Новых писем нет.
2026-01-31 16:22:39,074 - INFO - ⏳ Ожидание 60 секунд...
2026-01-31 16:23:39,075 - INFO - 🔄 Проверяю почту...
2026-01-31 16:23:39,609 - INFO - 📭 Новых писем нет.
2026-01-31 16:23:39,647 - INFO - ⏳ Ожидание 60 секунд...
2026-01-31 16:24:39,648 - INFO - 🔄 Проверяю почту...
2026-01-31 16:24:40,151 - INFO - 📭 Новых писем нет.
2026-01-31 16:24:40,197 - INFO - ⏳ Ожидание 60 секунд...
2026-01-31 16:25:40,198 - INFO - 🔄 Проверяю почту...
2026-01-31 16:25:40,723 - INFO - 📭 Новых писем нет.
2026-01-31 16:25:40,767 - INFO - ⏳ Ожидание 60 секунд...
2026-01-31 16:26:40,769 - INFO - 🔄 Проверяю почту...
2026-01-31 16:26:41,375 - INFO - 📭 Новых писем нет.
2026-01-31 16:26:41,409 - INFO - ⏳ Ожидание 60 секунд...
2026-01-31 16:27:41,410 - INFO - 🔄 Проверяю почту...
2026-01-31 16:27:41,871 - INFO - 📭 Новых писем нет.
2026-01-31 16:27:41,906 - INFO - ⏳ Ожидание 60 секунд...
2026-01-31 16:27:51,119 - INFO - 🛑 Завершение работы пользователем.
2026-01-31 16:30:47,190 - INFO - 🚀 Монитор v2 (Smart Threading) запущен
2026-01-31 16:30:47,190 - INFO - 🔄 Проверка почты...
2026-01-31 16:30:47,720 - INFO - 📭 Новых писем нет.
2026-01-31 16:31:26,812 - INFO - 🚀 Монитор v2 (Smart Threading) запущен
2026-01-31 16:31:26,812 - INFO - 🔄 Проверка почты...
2026-01-31 16:31:27,474 - INFO - 📨 Письмо от lufi.g@yandex.ru | Тема: СРОЧНО!
2026-01-31 16:31:27,478 - INFO -    -> 🆕 Новая тема - создаем заявку.
2026-01-31 16:31:27,482 - INFO -    -> ✅ Создана заявка №10
2026-01-31 16:32:28,881 - INFO - 🔄 Проверка почты...
2026-01-31 16:32:29,416 - INFO - 📨 Письмо от lufi.g@yandex.ru | Тема: Re: Service Desk: Ответ по заявке №10
2026-01-31 16:32:29,421 - INFO -    -> 🆕 Новая тема - создаем заявку.
2026-01-31 16:32:29,425 - INFO -    -> ✅ Создана заявка №11
2026-01-31 16:33:31,112 - INFO - 🔄 Проверка почты...
2026-01-31 16:33:31,580 - INFO - 📭 Новых писем нет.
2026-01-31 16:34:31,620 - INFO - 🔄 Проверка почты...
2026-01-31 16:34:32,084 - INFO - 📭 Новых писем нет.
2026-01-31 16:35:32,128 - INFO - 🔄 Проверка почты...
2026-01-31 16:35:32,568 - INFO - 📭 Новых писем нет.
2026-01-31 16:36:32,607 - INFO - 🔄 Проверка почты...
2026-01-31 16:36:33,132 - INFO - 📭 Новых писем нет.
2026-01-31 16:37:47,719 - INFO - 🚀 Monitor v3 (Regex Fixed) запущен
2026-01-31 16:37:47,719 - INFO - 🔄 Проверка почты...
2026-01-31 16:37:48,441 - INFO - 📨 От: lufi.g@yandex.ru | Тема: Tema
2026-01-31 16:37:48,444 - INFO -    -> 🆕 Новая заявка.
2026-01-31 16:37:48,445 - INFO -    -> ✅ Заявка №12 создана.
2026-01-31 16:38:49,789 - INFO - 🔄 Проверка почты...
2026-01-31 16:38:50,387 - INFO - 📨 От: lufi.g@yandex.ru | Тема: Re: Service Desk: Ответ по заявке №12
2026-01-31 16:38:50,387 - INFO -    -> 📎 Найден ID 12 (из темы письма).
2026-01-31 16:38:50,399 - INFO -    -> ✅ Сообщение добавлено в заявку №12.
2026-01-31 16:39:50,437 - INFO - 🔄 Проверка почты...
2026-01-31 16:39:51,094 - INFO - 📨 От: lufi.g@yandex.ru | Тема: Re: Service Desk: Ответ по заявке №12
2026-01-31 16:39:51,097 - INFO -    -> 📎 Найден ID 12 (из темы письма).
2026-01-31 16:39:51,103 - INFO -    -> ✅ Сообщение добавлено в заявку №12.
2026-01-31 16:40:51,156 - INFO - 🔄 Проверка почты...
2026-01-31 16:40:51,648 - INFO - 📭 Новых писем нет.
2026-01-31 16:41:51,686 - INFO - 🔄 Проверка почты...
2026-01-31 16:41:52,155 - INFO - 📭 Новых писем нет.
2026-01-31 16:42:52,199 - INFO - 🔄 Проверка почты...
2026-01-31 16:42:52,733 - INFO - 📭 Новых писем нет.
2026-01-31 16:43:52,781 - INFO - 🔄 Проверка почты...
2026-01-31 16:43:53,288 - INFO - 📭 Новых писем нет.
2026-01-31 16:44:53,331 - INFO - 🔄 Проверка почты...
2026-01-31 16:44:53,822 - INFO - 📭 Новых писем нет.
2026-01-31 16:45:53,860 - INFO - 🔄 Проверка почты...
2026-01-31 16:45:54,326 - INFO - 📭 Новых писем нет.
2026-01-31 16:46:54,366 - INFO - 🔄 Проверка почты...
2026-01-31 16:46:54,838 - INFO - 📭 Новых писем нет.
2026-01-31 16:47:54,874 - INFO - 🔄 Проверка почты...
2026-01-31 16:47:55,413 - INFO - 📭 Новых писем нет.
2026-01-31 16:47:55,630 - INFO - 🚀 Монитор v2 (Smart Threading) запущен
2026-01-31 16:47:55,630 - INFO - 🔄 Проверка почты...
2026-01-31 16:47:56,132 - INFO - 📭 Новых писем нет.
